// Jest Snapshot v1, https://goo.gl/fbAQLP

exports[`App should match the snapshot with all data passed in 1`] = `
<div
  className="app"
>
  <header
    className="App-header"
  >
    <h1>
      SWAPI BOX
    </h1>
    <Navigation
      favorites={0}
      updateCategory={[Function]}
    />
  </header>
</div>
`;
